src/components/layout/Header.tsx(11,19): error TS6133: 'user' is declared but its value is never read.
src/components/layout/Sidebar.tsx(5,18): error TS6133: 'AnimatePresence' is declared but its value is never read.
src/components/layout/Sidebar.tsx(12,52): error TS6133: 'setIsOpen' is declared but its value is never read.
src/pages/CUDashboard.tsx(5,37): error TS6196: 'User' is declared but never used.
